
Running 5 tests using 1 worker

[1A[2K[1/5] [chromium] ΓÇ║ e2e\app.spec.js:32:5 ΓÇ║ Dashboard & Form Extraction ΓÇ║ should load dashboard correctly
[1A[2K[2/5] [chromium] ΓÇ║ e2e\app.spec.js:39:5 ΓÇ║ Dashboard & Form Extraction ΓÇ║ should navigate to history and show items
[1A[2K[3/5] [chromium] ΓÇ║ e2e\app.spec.js:54:5 ΓÇ║ Dashboard & Form Extraction ΓÇ║ should navigate to results view and verify Smart View
[1A[2K  1) [chromium] ΓÇ║ e2e\app.spec.js:54:5 ΓÇ║ Dashboard & Form Extraction ΓÇ║ should navigate to results view and verify Smart View 

    Error: [2mexpect([22m[31mlocator[39m[2m).[22mtoBeVisible[2m([22m[2m)[22m failed

    Locator: getByText('Medical Invoice')
    Expected: visible
    Error: strict mode violation: getByText('Medical Invoice') resolved to 2 elements:
        1) <p class="text-gray-300 leading-relaxed text-sm">This is a medical invoice for patient John Doe coΓÇª</p> aka getByText('This is a medical invoice for')
        2) <span class="text-blue-300">Medical Invoice</span> aka getByText('Medical Invoice', { exact: true })

    Call log:
    [2m  - Expect "toBeVisible" with timeout 5000ms[22m
    [2m  - waiting for getByText('Medical Invoice')[22m


      64 |         // Check Smart View elements
      65 |         await expect(page.getByText('Document Summary')).toBeVisible();
    > 66 |         await expect(page.getByText('Medical Invoice')).toBeVisible();
         |                                                         ^
      67 |
      68 |         await expect(page.getByRole('heading', { name: 'Patient Information' })).toBeVisible();
      69 |         await expect(page.getByText('John Doe')).toBeVisible();
        at C:\Users\aseuro\Desktop\task\frontend\e2e\app.spec.js:66:57

    attachment #1: screenshot (image/png) ΓöÇΓöÇΓöÇΓöÇΓöÇΓöÇΓöÇΓöÇΓöÇΓöÇΓöÇΓöÇΓöÇΓöÇΓöÇΓöÇΓöÇΓöÇΓöÇΓöÇΓöÇΓöÇΓöÇΓöÇΓöÇΓöÇΓöÇΓöÇΓöÇΓöÇΓöÇΓöÇΓöÇΓöÇΓöÇΓöÇΓöÇΓöÇΓöÇΓöÇΓöÇΓöÇΓöÇΓöÇΓöÇΓöÇΓöÇΓöÇΓöÇΓöÇΓöÇΓöÇΓöÇΓöÇΓöÇΓöÇΓöÇΓöÇ
    test-results\app-Dashboard-Form-Extract-2152e--view-and-verify-Smart-View-chromium\test-failed-1.png
    ΓöÇΓöÇΓöÇΓöÇΓöÇΓöÇΓöÇΓöÇΓöÇΓöÇΓöÇΓöÇΓöÇΓöÇΓöÇΓöÇΓöÇΓöÇΓöÇΓöÇΓöÇΓöÇΓöÇΓöÇΓöÇΓöÇΓöÇΓöÇΓöÇΓöÇΓöÇΓöÇΓöÇΓöÇΓöÇΓöÇΓöÇΓöÇΓöÇΓöÇΓöÇΓöÇΓöÇΓöÇΓöÇΓöÇΓöÇΓöÇΓöÇΓöÇΓöÇΓöÇΓöÇΓöÇΓöÇΓöÇΓöÇΓöÇΓöÇΓöÇΓöÇΓöÇΓöÇΓöÇΓöÇΓöÇΓöÇΓöÇΓöÇΓöÇΓöÇΓöÇΓöÇΓöÇΓöÇΓöÇΓöÇΓöÇΓöÇΓöÇΓöÇΓöÇΓöÇΓöÇΓöÇΓöÇΓöÇΓöÇΓöÇΓöÇΓöÇΓöÇΓöÇΓöÇΓöÇΓöÇ

    Error Context: test-results\app-Dashboard-Form-Extract-2152e--view-and-verify-Smart-View-chromium\error-context.md


[1A[2K[4/5] [chromium] ΓÇ║ e2e\app.spec.js:75:5 ΓÇ║ Dashboard & Form Extraction ΓÇ║ should toggle between views (Table, JSON, Raw)
[1A[2K  2) [chromium] ΓÇ║ e2e\app.spec.js:75:5 ΓÇ║ Dashboard & Form Extraction ΓÇ║ should toggle between views (Table, JSON, Raw) 

    Error: locator.click: Error: strict mode violation: getByRole('button', { name: 'JSON' }) resolved to 2 elements:
        1) <button class="secondary-btn flex items-center gap-2 !py-2.5">ΓÇª</button> aka getByRole('button', { name: 'JSON' }).first()
        2) <button class="flex items-center gap-2 px-4 py-2 rounded-md text-xs font-bold uppercase tracking-wider transition-all duration-300 text-gray-400 hover:text-white hover:bg-white/5">ΓÇª</button> aka getByRole('button', { name: 'JSON' }).nth(1)

    Call log:
    [2m  - waiting for getByRole('button', { name: 'JSON' })[22m


      83 |
      84 |         // Switch to JSON
    > 85 |         await page.getByRole('button', { name: 'JSON' }).click();
         |                                                          ^
      86 |         await expect(page.locator('pre')).toContainText('"document_type": "Medical Invoice"');
      87 |
      88 |         // Switch to Raw Text
        at C:\Users\aseuro\Desktop\task\frontend\e2e\app.spec.js:85:58

    attachment #1: screenshot (image/png) ΓöÇΓöÇΓöÇΓöÇΓöÇΓöÇΓöÇΓöÇΓöÇΓöÇΓöÇΓöÇΓöÇΓöÇΓöÇΓöÇΓöÇΓöÇΓöÇΓöÇΓöÇΓöÇΓöÇΓöÇΓöÇΓöÇΓöÇΓöÇΓöÇΓöÇΓöÇΓöÇΓöÇΓöÇΓöÇΓöÇΓöÇΓöÇΓöÇΓöÇΓöÇΓöÇΓöÇΓöÇΓöÇΓöÇΓöÇΓöÇΓöÇΓöÇΓöÇΓöÇΓöÇΓöÇΓöÇΓöÇΓöÇΓöÇ
    test-results\app-Dashboard-Form-Extract-555ee-tween-views-Table-JSON-Raw--chromium\test-failed-1.png
    ΓöÇΓöÇΓöÇΓöÇΓöÇΓöÇΓöÇΓöÇΓöÇΓöÇΓöÇΓöÇΓöÇΓöÇΓöÇΓöÇΓöÇΓöÇΓöÇΓöÇΓöÇΓöÇΓöÇΓöÇΓöÇΓöÇΓöÇΓöÇΓöÇΓöÇΓöÇΓöÇΓöÇΓöÇΓöÇΓöÇΓöÇΓöÇΓöÇΓöÇΓöÇΓöÇΓöÇΓöÇΓöÇΓöÇΓöÇΓöÇΓöÇΓöÇΓöÇΓöÇΓöÇΓöÇΓöÇΓöÇΓöÇΓöÇΓöÇΓöÇΓöÇΓöÇΓöÇΓöÇΓöÇΓöÇΓöÇΓöÇΓöÇΓöÇΓöÇΓöÇΓöÇΓöÇΓöÇΓöÇΓöÇΓöÇΓöÇΓöÇΓöÇΓöÇΓöÇΓöÇΓöÇΓöÇΓöÇΓöÇΓöÇΓöÇΓöÇΓöÇΓöÇΓöÇΓöÇΓöÇ

    Error Context: test-results\app-Dashboard-Form-Extract-555ee-tween-views-Table-JSON-Raw--chromium\error-context.md


[1A[2K[5/5] [chromium] ΓÇ║ e2e\app.spec.js:93:5 ΓÇ║ Dashboard & Form Extraction ΓÇ║ should handle file upload
[1A[2K  2 failed
    [chromium] ΓÇ║ e2e\app.spec.js:54:5 ΓÇ║ Dashboard & Form Extraction ΓÇ║ should navigate to results view and verify Smart View 
    [chromium] ΓÇ║ e2e\app.spec.js:75:5 ΓÇ║ Dashboard & Form Extraction ΓÇ║ should toggle between views (Table, JSON, Raw) 
  3 passed (6.5s)
